/* invalid foreign server - option 'foo' ins't a valid endpoint URL */
CREATE SERVER rdfserver_error1 
FOREIGN DATA WRAPPER rdf_fdw 
OPTIONS (
  endpoint 'foo'
);
ERROR:  invalid endpoint: 'foo'
/* empty foreign server option - empty endpoints are not allowed */
CREATE SERVER rdfserver_error2
FOREIGN DATA WRAPPER rdf_fdw 
OPTIONS (
  endpoint ''
);
ERROR:  empty value in option 'endpoint'
/* invalid enable_pushdown value */
CREATE SERVER rdfserver_error3
FOREIGN DATA WRAPPER rdf_fdw 
OPTIONS (    
  endpoint 'https://dbpedia.org/sparql',
  enable_pushdown 'foo'
);
ERROR:  invalid enable_pushdown: 'foo'
HINT:  This parameter expects boolean values ('true' or 'false').
/* invalid fetch_size - negative fetch_size */
CREATE SERVER rdfserver_error4
FOREIGN DATA WRAPPER rdf_fdw 
OPTIONS (    
  endpoint 'https://dbpedia.org/sparql',
  fetch_size '-1'
);
ERROR:  invalid fetch_size: '-1'
HINT:  Expected values are positive integers.
/* invalid fetch_size - empty string */
CREATE SERVER rdfserver_error5
FOREIGN DATA WRAPPER rdf_fdw 
OPTIONS (    
  endpoint 'https://dbpedia.org/sparql',
  fetch_size ''
);
ERROR:  empty value in option 'fetch_size'
/* invalid enable_xml_huge value */
CREATE SERVER rdfserver_error6
FOREIGN DATA WRAPPER rdf_fdw 
OPTIONS (    
  endpoint 'https://dbpedia.org/sparql',
  enable_xml_huge 'foo'
);
ERROR:  invalid enable_xml_huge: 'foo'
HINT:  This parameter expects boolean values ('true' or 'false').
/* invalid batch_size - non-numeric value */
CREATE SERVER rdfserver_error7
FOREIGN DATA WRAPPER rdf_fdw 
OPTIONS (    
  endpoint 'https://dbpedia.org/sparql',
  batch_size 'foo'
);
ERROR:  invalid batch_size: 'foo'
HINT:  Expected values are positive integers (number of records).
/* invalid batch_size - zero value */
CREATE SERVER rdfserver_error8
FOREIGN DATA WRAPPER rdf_fdw 
OPTIONS (    
  endpoint 'https://dbpedia.org/sparql',
  batch_size '0'
);
/* invalid batch_size - negative value */
CREATE SERVER rdfserver_error9
FOREIGN DATA WRAPPER rdf_fdw 
OPTIONS (    
  endpoint 'https://dbpedia.org/sparql',
  batch_size '-10'
);
ERROR:  invalid batch_size: '-10'
HINT:  Expected values are positive integers (number of records).
/* invalid batch_size - empty string */
CREATE SERVER rdfserver_error10
FOREIGN DATA WRAPPER rdf_fdw 
OPTIONS (    
  endpoint 'https://dbpedia.org/sparql',
  batch_size ''
);
ERROR:  empty value in option 'batch_size'
/* invalid batch_size - white space */
CREATE SERVER rdfserver_error11
FOREIGN DATA WRAPPER rdf_fdw 
OPTIONS (    
  endpoint 'https://dbpedia.org/sparql',
  batch_size ' '
);
ERROR:  invalid batch_size: ' '
HINT:  Expected values are positive integers (number of records).
/* invalid request_timeout - negative value */
CREATE SERVER rdfserver_error12
FOREIGN DATA WRAPPER rdf_fdw 
OPTIONS (    
  endpoint 'https://dbpedia.org/sparql',
  request_timeout '-1'
);
ERROR:  invalid request_timeout: '-1'
HINT:  Expected values are non-negative integers (timeout in seconds, 0 = disabled).
/* invalid request_timeout - empty string */
CREATE SERVER rdfserver_error13
FOREIGN DATA WRAPPER rdf_fdw 
OPTIONS (    
  endpoint 'https://dbpedia.org/sparql',
  request_timeout ' '
);
ERROR:  invalid request_timeout: ' '
HINT:  Expected values are non-negative integers (timeout in seconds, 0 = disabled).
/* invalid readonly - empty string */
CREATE SERVER rdfserver_error14
FOREIGN DATA WRAPPER rdf_fdw 
OPTIONS (    
  endpoint 'https://dbpedia.org/sparql',
  readonly ''
);
ERROR:  empty value in option 'readonly'
/* invalid max_response_size - empty string */
CREATE SERVER rdfserver_error15
FOREIGN DATA WRAPPER rdf_fdw 
OPTIONS (    
  endpoint 'https://dbpedia.org/sparql',
  max_response_size ''
);
ERROR:  empty value in option 'max_response_size'
/* invalid max_response_size - white space */
CREATE SERVER rdfserver_error16
FOREIGN DATA WRAPPER rdf_fdw 
OPTIONS (    
  endpoint 'https://dbpedia.org/sparql',
  max_response_size ' '
);
ERROR:  invalid max_response_size: ' '
HINT:  Expected a non-negative integer (maximum response size in bytes, 0 = unlimited).
/* invalid max_response_size - negative value */
CREATE SERVER rdfserver_error17
FOREIGN DATA WRAPPER rdf_fdw 
OPTIONS (    
  endpoint 'https://dbpedia.org/sparql',
  max_response_size '-1'
);
ERROR:  invalid max_response_size: '-1'
HINT:  Expected a non-negative integer (maximum response size in bytes, 0 = unlimited).
/* invalid max_response_size - non-numeric value */
CREATE SERVER rdfserver_error18
FOREIGN DATA WRAPPER rdf_fdw 
OPTIONS (    
  endpoint 'https://dbpedia.org/sparql',
  max_response_size 'foo'
);
ERROR:  invalid max_response_size: 'foo'
HINT:  Expected a non-negative integer (maximum response size in bytes, 0 = unlimited).
/* invalid max_response_size - float value */
CREATE SERVER rdfserver_error19
FOREIGN DATA WRAPPER rdf_fdw 
OPTIONS (    
  endpoint 'https://dbpedia.org/sparql',
  max_response_size '1.5'
);
ERROR:  invalid max_response_size: '1.5'
HINT:  Expected a non-negative integer (maximum response size in bytes, 0 = unlimited).
/* invalid request_max_redirect - non-numeric value */
CREATE SERVER rdfserver_error20
FOREIGN DATA WRAPPER rdf_fdw 
OPTIONS (    
  endpoint 'https://dbpedia.org/sparql',
  request_max_redirect 'foo'
);
ERROR:  invalid request_max_redirect: 'foo'
HINT:  Expected a non-negative integer (maximum number of redirects to follow, 0 = refuse any redirect).
/* invalid request_max_redirect - negative value */
CREATE SERVER rdfserver_error21
FOREIGN DATA WRAPPER rdf_fdw 
OPTIONS (    
  endpoint 'https://dbpedia.org/sparql',
  request_max_redirect '-1'
);
ERROR:  invalid request_max_redirect: '-1'
HINT:  Expected a non-negative integer (maximum number of redirects to follow, 0 = refuse any redirect).
/* invalid request_max_redirect - white space */
CREATE SERVER rdfserver_error22
FOREIGN DATA WRAPPER rdf_fdw 
OPTIONS (    
  endpoint 'https://dbpedia.org/sparql',
  request_max_redirect ' '
);
ERROR:  invalid request_max_redirect: ' '
HINT:  Expected a non-negative integer (maximum number of redirects to follow, 0 = refuse any redirect).
/* invalid request_max_redirect - float value */
CREATE SERVER rdfserver_error23
FOREIGN DATA WRAPPER rdf_fdw 
OPTIONS (    
  endpoint 'https://dbpedia.org/sparql',
  request_max_redirect '1.5'
);
ERROR:  invalid request_max_redirect: '1.5'
HINT:  Expected a non-negative integer (maximum number of redirects to follow, 0 = refuse any redirect).
/* valid request_max_redirect - 0 refuses any redirect */
CREATE SERVER rdfserver_maxredirect0
FOREIGN DATA WRAPPER rdf_fdw 
OPTIONS (    
  endpoint 'https://dbpedia.org/sparql',
  request_max_redirect '0'
);
/* valid request_max_redirect - follow at most 5 redirects */
CREATE SERVER rdfserver_maxredirect5
FOREIGN DATA WRAPPER rdf_fdw 
OPTIONS (    
  endpoint 'https://dbpedia.org/sparql',
  request_max_redirect '5'
);
/* deprecated request_redirect - still accepted, but warns */
CREATE SERVER rdfserver_deprecated_redirect
FOREIGN DATA WRAPPER rdf_fdw 
OPTIONS (    
  endpoint 'https://dbpedia.org/sparql',
  request_redirect 'true'
);
WARNING:  option "request_redirect" is deprecated
HINT:  Use 'request_max_redirect' alone instead: '0' refuses any redirect, any higher value enables redirection and caps it.
DROP SERVER rdfserver_maxredirect0;
DROP SERVER rdfserver_maxredirect5;
DROP SERVER rdfserver_deprecated_redirect;
