\pset null NULL
-- ==========================================
-- SPARQL SUM()/AVG() Aggregate Tests
-- ==========================================
-- Test 1: sum/avg of integers
WITH j (val) AS (
    VALUES
        ('"10"^^<http://www.w3.org/2001/XMLSchema#integer>'::rdfnode),
        ('"20"^^<http://www.w3.org/2001/XMLSchema#integer>'::rdfnode),
        ('"30"^^<http://www.w3.org/2001/XMLSchema#integer>'::rdfnode)
)
SELECT sparql.sum(val), sparql.avg(val) FROM j;
                       sum                        |                        avg                         
--------------------------------------------------+----------------------------------------------------
 "60"^^<http://www.w3.org/2001/XMLSchema#integer> | "20.0"^^<http://www.w3.org/2001/XMLSchema#decimal>
(1 row)

-- Test 2: sum/avg of decimals
WITH j (val) AS (
    VALUES
        ('"10.5"^^<http://www.w3.org/2001/XMLSchema#decimal>'::rdfnode),
        ('"20.3"^^<http://www.w3.org/2001/XMLSchema#decimal>'::rdfnode),
        ('"30.2"^^<http://www.w3.org/2001/XMLSchema#decimal>'::rdfnode)
)
SELECT sparql.sum(val), sparql.avg(val) FROM j;
                        sum                         |                                avg                                
----------------------------------------------------+-------------------------------------------------------------------
 "61.0"^^<http://www.w3.org/2001/XMLSchema#decimal> | "20.3333333333333333"^^<http://www.w3.org/2001/XMLSchema#decimal>
(1 row)

-- Test 3: sum/avg of integer + decimal
WITH j (val) AS (
    VALUES
        ('"10"^^<http://www.w3.org/2001/XMLSchema#integer>'::rdfnode),
        ('"20.5"^^<http://www.w3.org/2001/XMLSchema#decimal>'::rdfnode),
        ('"30"^^<http://www.w3.org/2001/XMLSchema#integer>'::rdfnode)
)
SELECT sparql.sum(val), sparql.avg(val) FROM j;
                        sum                         |                                avg                                
----------------------------------------------------+-------------------------------------------------------------------
 "60.5"^^<http://www.w3.org/2001/XMLSchema#decimal> | "20.1666666666666667"^^<http://www.w3.org/2001/XMLSchema#decimal>
(1 row)

-- Test 4: sum/avg of decimal + float
WITH j (val) AS (
    VALUES
        ('"10.5"^^<http://www.w3.org/2001/XMLSchema#decimal>'::rdfnode),
        ('"20.3"^^<http://www.w3.org/2001/XMLSchema#float>'::rdfnode),
        ('"5"^^<http://www.w3.org/2001/XMLSchema#integer>'::rdfnode)
)
SELECT sparql.sum(val), sparql.avg(val) FROM j;
                       sum                        |                          avg                          
--------------------------------------------------+-------------------------------------------------------
 "35.8"^^<http://www.w3.org/2001/XMLSchema#float> | "11.933333"^^<http://www.w3.org/2001/XMLSchema#float>
(1 row)

-- Test 5: sum/avg of integer + decimal + double
WITH j (val) AS (
    VALUES
        ('"10.4"^^<http://www.w3.org/2001/XMLSchema#decimal>'::rdfnode),
        ('"20"^^<http://www.w3.org/2001/XMLSchema#integer>'::rdfnode),
        ('"30.4"^^<http://www.w3.org/2001/XMLSchema#double>'::rdfnode)
)
SELECT sparql.sum(val), sparql.avg(val) FROM j;
                        sum                        |                               avg                               
---------------------------------------------------+-----------------------------------------------------------------
 "60.8"^^<http://www.w3.org/2001/XMLSchema#double> | "20.266666666666666"^^<http://www.w3.org/2001/XMLSchema#double>
(1 row)

-- Test 6: sum/avg of single value
WITH j (val) AS (
    VALUES
        ('"42"^^<http://www.w3.org/2001/XMLSchema#integer>'::rdfnode)
)
SELECT sparql.sum(val), sparql.avg(val) FROM j;
                       sum                        |                        avg                         
--------------------------------------------------+----------------------------------------------------
 "42"^^<http://www.w3.org/2001/XMLSchema#integer> | "42.0"^^<http://www.w3.org/2001/XMLSchema#decimal>
(1 row)

-- Test 7: sum/avg with integer subtypes (xsd:int, xsd:long)
WITH j (val) AS (
    VALUES
        ('"10"^^<http://www.w3.org/2001/XMLSchema#int>'::rdfnode),
        ('"20"^^<http://www.w3.org/2001/XMLSchema#long>'::rdfnode),
        ('"30"^^<http://www.w3.org/2001/XMLSchema#integer>'::rdfnode)
)
SELECT sparql.sum(val), sparql.avg(val) FROM j;
                       sum                        |                        avg                         
--------------------------------------------------+----------------------------------------------------
 "60"^^<http://www.w3.org/2001/XMLSchema#integer> | "20.0"^^<http://www.w3.org/2001/XMLSchema#decimal>
(1 row)

-- Test 8: sum/avg with all four numeric types
WITH j (val) AS (
    VALUES
        ('"10"^^<http://www.w3.org/2001/XMLSchema#integer>'::rdfnode),
        ('"5.5"^^<http://www.w3.org/2001/XMLSchema#decimal>'::rdfnode),
        ('"2.5"^^<http://www.w3.org/2001/XMLSchema#float>'::rdfnode),
        ('"3.0"^^<http://www.w3.org/2001/XMLSchema#double>'::rdfnode)
)
SELECT sparql.sum(val), sparql.avg(val) FROM j;
                       sum                       |                        avg                        
-------------------------------------------------+---------------------------------------------------
 "21"^^<http://www.w3.org/2001/XMLSchema#double> | "5.25"^^<http://www.w3.org/2001/XMLSchema#double>
(1 row)

-- Test 9: sum/avg with integer + float (type promotion)
WITH j (val) AS (
    VALUES
        ('"100"^^<http://www.w3.org/2001/XMLSchema#integer>'::rdfnode),
        ('"0.1"^^<http://www.w3.org/2001/XMLSchema#float>'::rdfnode)
)
SELECT sparql.sum(val), sparql.avg(val) FROM j;
                        sum                        |                        avg                        
---------------------------------------------------+---------------------------------------------------
 "100.1"^^<http://www.w3.org/2001/XMLSchema#float> | "50.05"^^<http://www.w3.org/2001/XMLSchema#float>
(1 row)

-- Test 10: sum/avg with negative integers
WITH j (val) AS (
    VALUES
        ('"10"^^<http://www.w3.org/2001/XMLSchema#integer>'::rdfnode),
        ('"-5"^^<http://www.w3.org/2001/XMLSchema#integer>'::rdfnode),
        ('"-3"^^<http://www.w3.org/2001/XMLSchema#integer>'::rdfnode)
)
SELECT sparql.sum(val), sparql.avg(val) FROM j;
                       sum                       |                                 avg                                  
-------------------------------------------------+----------------------------------------------------------------------
 "2"^^<http://www.w3.org/2001/XMLSchema#integer> | "0.66666666666666666667"^^<http://www.w3.org/2001/XMLSchema#decimal>
(1 row)

-- Test 11: sum/avg resulting in negative value
WITH j (val) AS (
    VALUES
        ('"5"^^<http://www.w3.org/2001/XMLSchema#integer>'::rdfnode),
        ('"-20"^^<http://www.w3.org/2001/XMLSchema#integer>'::rdfnode)
)
SELECT sparql.sum(val), sparql.avg(val) FROM j;
                        sum                        |                                avg                                
---------------------------------------------------+-------------------------------------------------------------------
 "-15"^^<http://www.w3.org/2001/XMLSchema#integer> | "-7.5000000000000000"^^<http://www.w3.org/2001/XMLSchema#decimal>
(1 row)

-- Test 12: sum/avg with zero values
WITH j (val) AS (
    VALUES
        ('"0"^^<http://www.w3.org/2001/XMLSchema#integer>'::rdfnode),
        ('"10"^^<http://www.w3.org/2001/XMLSchema#integer>'::rdfnode),
        ('"0"^^<http://www.w3.org/2001/XMLSchema#integer>'::rdfnode)
)
SELECT sparql.sum(val), sparql.avg(val) FROM j;
                       sum                        |                               avg                                
--------------------------------------------------+------------------------------------------------------------------
 "10"^^<http://www.w3.org/2001/XMLSchema#integer> | "3.3333333333333333"^^<http://www.w3.org/2001/XMLSchema#decimal>
(1 row)

-- Test 13: sum/avg resulting in zero
WITH j (val) AS (
    VALUES
        ('"10"^^<http://www.w3.org/2001/XMLSchema#integer>'::rdfnode),
        ('"-10"^^<http://www.w3.org/2001/XMLSchema#integer>'::rdfnode)
)
SELECT sparql.sum(val), sparql.avg(val) FROM j;
                       sum                       |                        avg                        
-------------------------------------------------+---------------------------------------------------
 "0"^^<http://www.w3.org/2001/XMLSchema#integer> | "0.0"^^<http://www.w3.org/2001/XMLSchema#decimal>
(1 row)

-- Test 14: sum/avg with NULL values
WITH j (val) AS (
    VALUES
        ('"10"^^<http://www.w3.org/2001/XMLSchema#integer>'::rdfnode),
        (NULL::rdfnode),
        ('"30"^^<http://www.w3.org/2001/XMLSchema#integer>'::rdfnode)
)
SELECT sparql.sum(val), sparql.avg(val) FROM j;
                       sum                        |                        avg                         
--------------------------------------------------+----------------------------------------------------
 "40"^^<http://www.w3.org/2001/XMLSchema#integer> | "20.0"^^<http://www.w3.org/2001/XMLSchema#decimal>
(1 row)

-- Test 15: sum/avg of all NULLs
WITH j (val) AS (
    VALUES
        (NULL::rdfnode),
        (NULL::rdfnode),
        (NULL::rdfnode)
)
SELECT sparql.sum(val), sparql.avg(val) FROM j;
                       sum                       |                       avg                       
-------------------------------------------------+-------------------------------------------------
 "0"^^<http://www.w3.org/2001/XMLSchema#integer> | "0"^^<http://www.w3.org/2001/XMLSchema#integer>
(1 row)

-- Test 16: sum/avg of empty set (no rows)
WITH j (val) AS (
    VALUES
        ('"10"^^<http://www.w3.org/2001/XMLSchema#integer>'::rdfnode)
)
SELECT sparql.sum(val), sparql.avg(val) FROM j WHERE val IS NULL;
                       sum                       |                       avg                       
-------------------------------------------------+-------------------------------------------------
 "0"^^<http://www.w3.org/2001/XMLSchema#integer> | "0"^^<http://www.w3.org/2001/XMLSchema#integer>
(1 row)

-- Test 17: sum/avg with xsd:string mixed in
WITH j (val) AS (
    VALUES
        ('"10"^^<http://www.w3.org/2001/XMLSchema#integer>'::rdfnode),
        ('"20"^^<http://www.w3.org/2001/XMLSchema#string>'::rdfnode),
        ('"30"^^<http://www.w3.org/2001/XMLSchema#integer>'::rdfnode)
)
SELECT sparql.sum(val), sparql.avg(val) FROM j;
 sum  | avg  
------+------
 NULL | NULL
(1 row)

-- Test 18: sum/avg with non-numeric only 
WITH j (val) AS (
    VALUES
        ('"not-a-number"^^<http://www.w3.org/2001/XMLSchema#string>'::rdfnode)
)
SELECT sparql.sum(val), sparql.avg(val) FROM j;
 sum  | avg  
------+------
 NULL | NULL
(1 row)

-- Test 19: sum/avg on multiple xsd:string
WITH j (val) AS (
    VALUES
        ('"apple"^^<http://www.w3.org/2001/XMLSchema#string>'::rdfnode),
        ('"banana"^^<http://www.w3.org/2001/XMLSchema#string>'::rdfnode)
)
SELECT sparql.avg(val), sparql.sum(val) FROM j;
 avg  | sum  
------+------
 NULL | NULL
(1 row)

-- Test 20: sum/avg on xsd:date
WITH j (val) AS (
    VALUES
        ('"2023-01-01"^^<http://www.w3.org/2001/XMLSchema#date>'::rdfnode),
        ('"2023-06-15"^^<http://www.w3.org/2001/XMLSchema#date>'::rdfnode)
)
SELECT sparql.sum(val), sparql.avg(val) FROM j;
 sum  | avg  
------+------
 NULL | NULL
(1 row)

-- Test 21: sum/avg on xsd:dateTime 
WITH j (val) AS (
    VALUES
        ('"2023-01-01T10:30:00"^^<http://www.w3.org/2001/XMLSchema#dateTime>'::rdfnode),
        ('"2023-06-15T15:45:00"^^<http://www.w3.org/2001/XMLSchema#dateTime>'::rdfnode)
)
SELECT sparql.sum(val), sparql.avg(val) FROM j;
 sum  | avg  
------+------
 NULL | NULL
(1 row)

-- Test 22: sum/avg on xsd:time 
WITH j (val) AS (
    VALUES
        ('"10:30:00"^^<http://www.w3.org/2001/XMLSchema#time>'::rdfnode),
        ('"15:45:00"^^<http://www.w3.org/2001/XMLSchema#time>'::rdfnode)
)
SELECT sparql.sum(val), sparql.avg(val) FROM j;
 sum  | avg  
------+------
 NULL | NULL
(1 row)

-- Test 23: sum/avg on xsd:duration 
WITH j (val) AS (
    VALUES
        ('"P1Y"^^<http://www.w3.org/2001/XMLSchema#duration>'::rdfnode),
        ('"P2M"^^<http://www.w3.org/2001/XMLSchema#duration>'::rdfnode)
)
SELECT sparql.sum(val), sparql.avg(val) FROM j;
 sum  | avg  
------+------
 NULL | NULL
(1 row)

-- Test 24: sum/avg on xsd:boolean
WITH j (val) AS (
    VALUES
        ('"true"^^<http://www.w3.org/2001/XMLSchema#boolean>'::rdfnode),
        ('"false"^^<http://www.w3.org/2001/XMLSchema#boolean>'::rdfnode)
)
SELECT sparql.sum(val), sparql.avg(val) FROM j;
 sum  | avg  
------+------
 NULL | NULL
(1 row)

-- Test 25: sum/avg with mixed numeric and xsd:date
WITH j (val) AS (
    VALUES
        ('"10"^^<http://www.w3.org/2001/XMLSchema#integer>'::rdfnode),
        ('"2023-01-01"^^<http://www.w3.org/2001/XMLSchema#date>'::rdfnode)
)
SELECT sparql.sum(val), sparql.avg(val) FROM j;
 sum  | avg  
------+------
 NULL | NULL
(1 row)

-- Test 26: sum/avg with mixed numeric and xsd:string
WITH j (val) AS (
    VALUES
        ('"10"^^<http://www.w3.org/2001/XMLSchema#integer>'::rdfnode),
        ('"text"^^<http://www.w3.org/2001/XMLSchema#string>'::rdfnode)
)
SELECT sparql.sum(val), sparql.avg(val) FROM j;
 sum  | avg  
------+------
 NULL | NULL
(1 row)

-- ==========================================
-- SPARQL MIN/MAX() Aggregate Tests
-- ==========================================
-- Test 27: min/max of integers
WITH j (val) AS (
    VALUES
        ('"30"^^<http://www.w3.org/2001/XMLSchema#integer>'::rdfnode),
        ('"10"^^<http://www.w3.org/2001/XMLSchema#integer>'::rdfnode),
        ('"20"^^<http://www.w3.org/2001/XMLSchema#integer>'::rdfnode)
)
SELECT sparql.min(val), sparql.max(val) FROM j;
                       min                        |                       max                        
--------------------------------------------------+--------------------------------------------------
 "10"^^<http://www.w3.org/2001/XMLSchema#integer> | "30"^^<http://www.w3.org/2001/XMLSchema#integer>
(1 row)

-- Test 28: min/max of decimals
WITH j (val) AS (
    VALUES
        ('"30.2"^^<http://www.w3.org/2001/XMLSchema#decimal>'::rdfnode),
        ('"10.5"^^<http://www.w3.org/2001/XMLSchema#decimal>'::rdfnode),
        ('"20.3"^^<http://www.w3.org/2001/XMLSchema#decimal>'::rdfnode)
)
SELECT sparql.min(val), sparql.max(val) FROM j;
                        min                         |                        max                         
----------------------------------------------------+----------------------------------------------------
 "10.5"^^<http://www.w3.org/2001/XMLSchema#decimal> | "30.2"^^<http://www.w3.org/2001/XMLSchema#decimal>
(1 row)

-- Test 29: min/max of integer + decimal
WITH j (val) AS (
    VALUES
        ('"30"^^<http://www.w3.org/2001/XMLSchema#integer>'::rdfnode),
        ('"10.5"^^<http://www.w3.org/2001/XMLSchema#decimal>'::rdfnode),
        ('"20"^^<http://www.w3.org/2001/XMLSchema#integer>'::rdfnode)
)
SELECT sparql.min(val), sparql.max(val) FROM j;
                        min                         |                       max                        
----------------------------------------------------+--------------------------------------------------
 "10.5"^^<http://www.w3.org/2001/XMLSchema#decimal> | "30"^^<http://www.w3.org/2001/XMLSchema#integer>
(1 row)

-- Test 30: min/max with float values
WITH j (val) AS (
    VALUES
        ('"30.5"^^<http://www.w3.org/2001/XMLSchema#float>'::rdfnode),
        ('"10.1"^^<http://www.w3.org/2001/XMLSchema#float>'::rdfnode),
        ('"20.3"^^<http://www.w3.org/2001/XMLSchema#float>'::rdfnode)
)
SELECT sparql.min(val), sparql.max(val) FROM j;
                       min                        |                       max                        
--------------------------------------------------+--------------------------------------------------
 "10.1"^^<http://www.w3.org/2001/XMLSchema#float> | "30.5"^^<http://www.w3.org/2001/XMLSchema#float>
(1 row)

-- Test 31: min/max with mixed types
WITH j (val) AS (
    VALUES
        ('"30"^^<http://www.w3.org/2001/XMLSchema#integer>'::rdfnode),
        ('"5.5"^^<http://www.w3.org/2001/XMLSchema#decimal>'::rdfnode),
        ('"10.0"^^<http://www.w3.org/2001/XMLSchema#float>'::rdfnode),
        ('"20.0"^^<http://www.w3.org/2001/XMLSchema#double>'::rdfnode)
)
SELECT sparql.min(val), sparql.max(val) FROM j;
                        min                        |                       max                        
---------------------------------------------------+--------------------------------------------------
 "5.5"^^<http://www.w3.org/2001/XMLSchema#decimal> | "30"^^<http://www.w3.org/2001/XMLSchema#integer>
(1 row)

-- Test 32: min/max of single value
WITH j (val) AS (
    VALUES
        ('"42"^^<http://www.w3.org/2001/XMLSchema#integer>'::rdfnode)
)
SELECT sparql.min(val), sparql.max(val) FROM j;
                       min                        |                       max                        
--------------------------------------------------+--------------------------------------------------
 "42"^^<http://www.w3.org/2001/XMLSchema#integer> | "42"^^<http://www.w3.org/2001/XMLSchema#integer>
(1 row)

-- Test 33: min/max with negative integers
WITH j (val) AS (
    VALUES
        ('"10"^^<http://www.w3.org/2001/XMLSchema#integer>'::rdfnode),
        ('"-5"^^<http://www.w3.org/2001/XMLSchema#integer>'::rdfnode),
        ('"3"^^<http://www.w3.org/2001/XMLSchema#integer>'::rdfnode)
)
SELECT sparql.min(val), sparql.max(val) FROM j;
                       min                        |                       max                        
--------------------------------------------------+--------------------------------------------------
 "-5"^^<http://www.w3.org/2001/XMLSchema#integer> | "10"^^<http://www.w3.org/2001/XMLSchema#integer>
(1 row)

-- Test 34: min/max with all negative values
WITH j (val) AS (
    VALUES
        ('"-10"^^<http://www.w3.org/2001/XMLSchema#integer>'::rdfnode),
        ('"-5"^^<http://www.w3.org/2001/XMLSchema#integer>'::rdfnode),
        ('"-20"^^<http://www.w3.org/2001/XMLSchema#integer>'::rdfnode)
)
SELECT sparql.min(val), sparql.max(val) FROM j;
                        min                        |                       max                        
---------------------------------------------------+--------------------------------------------------
 "-20"^^<http://www.w3.org/2001/XMLSchema#integer> | "-5"^^<http://www.w3.org/2001/XMLSchema#integer>
(1 row)

-- Test 35: min/max with zero values
WITH j (val) AS (
    VALUES
        ('"0"^^<http://www.w3.org/2001/XMLSchema#integer>'::rdfnode),
        ('"10"^^<http://www.w3.org/2001/XMLSchema#integer>'::rdfnode),
        ('"-5"^^<http://www.w3.org/2001/XMLSchema#integer>'::rdfnode)
)
SELECT sparql.min(val), sparql.max(val) FROM j;
                       min                        |                       max                        
--------------------------------------------------+--------------------------------------------------
 "-5"^^<http://www.w3.org/2001/XMLSchema#integer> | "10"^^<http://www.w3.org/2001/XMLSchema#integer>
(1 row)

-- Test 36: min/max with NULL values
WITH j (val) AS (
    VALUES
        ('"30"^^<http://www.w3.org/2001/XMLSchema#integer>'::rdfnode),
        (NULL::rdfnode),
        ('"10"^^<http://www.w3.org/2001/XMLSchema#integer>'::rdfnode),
        (NULL::rdfnode),
        ('"20"^^<http://www.w3.org/2001/XMLSchema#integer>'::rdfnode)
)
SELECT sparql.min(val), sparql.max(val) FROM j;
                       min                        |                       max                        
--------------------------------------------------+--------------------------------------------------
 "10"^^<http://www.w3.org/2001/XMLSchema#integer> | "30"^^<http://www.w3.org/2001/XMLSchema#integer>
(1 row)

-- Test 37: min/max of all NULLs
WITH j (val) AS (
    VALUES
        (NULL::rdfnode),
        (NULL::rdfnode),
        (NULL::rdfnode)
)
SELECT sparql.min(val), sparql.max(val) FROM j;
 min  | max  
------+------
 NULL | NULL
(1 row)

-- Test 38: min/max of empty set (no rows)
WITH j (val) AS (
    VALUES
        ('"10"^^<http://www.w3.org/2001/XMLSchema#integer>'::rdfnode)
)
SELECT sparql.min(val), sparql.max(val) FROM j WHERE val IS NULL;
 min  | max  
------+------
 NULL | NULL
(1 row)

-- Test 39: min/max with equal values
WITH j (val) AS (
    VALUES
        ('"10"^^<http://www.w3.org/2001/XMLSchema#integer>'::rdfnode),
        ('"10.0"^^<http://www.w3.org/2001/XMLSchema#decimal>'::rdfnode),
        ('"10"^^<http://www.w3.org/2001/XMLSchema#integer>'::rdfnode)
)
SELECT sparql.min(val), sparql.max(val) FROM j;
                       min                        |                       max                        
--------------------------------------------------+--------------------------------------------------
 "10"^^<http://www.w3.org/2001/XMLSchema#integer> | "10"^^<http://www.w3.org/2001/XMLSchema#integer>
(1 row)

-- Test 40: min/max on multiple strings
WITH j (val) AS (
    VALUES
        ('"zebra"^^<http://www.w3.org/2001/XMLSchema#string>'::rdfnode),
        ('"apple"^^<http://www.w3.org/2001/XMLSchema#string>'::rdfnode),
        ('"mango"^^<http://www.w3.org/2001/XMLSchema#string>'::rdfnode)
)
SELECT sparql.min(val), sparql.max(val) FROM j;
                        min                         |                        max                         
----------------------------------------------------+----------------------------------------------------
 "apple"^^<http://www.w3.org/2001/XMLSchema#string> | "zebra"^^<http://www.w3.org/2001/XMLSchema#string>
(1 row)

-- Test 41: min/max on dates
WITH j (val) AS (
    VALUES
        ('"2023-06-15"^^<http://www.w3.org/2001/XMLSchema#date>'::rdfnode),
        ('"2021-01-01"^^<http://www.w3.org/2001/XMLSchema#date>'::rdfnode),
        ('"2025-12-31"^^<http://www.w3.org/2001/XMLSchema#date>'::rdfnode)
)
SELECT sparql.min(val), sparql.max(val) FROM j;
                          min                          |                          max                          
-------------------------------------------------------+-------------------------------------------------------
 "2021-01-01"^^<http://www.w3.org/2001/XMLSchema#date> | "2025-12-31"^^<http://www.w3.org/2001/XMLSchema#date>
(1 row)

-- Test 42: min/max on single non-numeric value → should return that value
WITH j (val) AS (
    VALUES
        ('"single-string"^^<http://www.w3.org/2001/XMLSchema#string>'::rdfnode)
)
SELECT sparql.min(val), sparql.max(val) FROM j;
                            min                             |                            max                             
------------------------------------------------------------+------------------------------------------------------------
 "single-string"^^<http://www.w3.org/2001/XMLSchema#string> | "single-string"^^<http://www.w3.org/2001/XMLSchema#string>
(1 row)

-- Test 43: min/max with numeric + string
WITH j (val) AS (
    VALUES
        ('"zebra"^^<http://www.w3.org/2001/XMLSchema#string>'::rdfnode),
        ('"42"^^<http://www.w3.org/2001/XMLSchema#integer>'::rdfnode),
        ('"mango"^^<http://www.w3.org/2001/XMLSchema#string>'::rdfnode)
)
SELECT sparql.min(val), sparql.max(val) FROM j;
                        min                         |                       max                        
----------------------------------------------------+--------------------------------------------------
 "mango"^^<http://www.w3.org/2001/XMLSchema#string> | "42"^^<http://www.w3.org/2001/XMLSchema#integer>
(1 row)

-- Test 44: min/max with numeric + date
WITH j (val) AS (
    VALUES
        ('"2023-06-15"^^<http://www.w3.org/2001/XMLSchema#date>'::rdfnode),
        ('"100"^^<http://www.w3.org/2001/XMLSchema#integer>'::rdfnode),
        ('"2021-01-01"^^<http://www.w3.org/2001/XMLSchema#date>'::rdfnode)
)
SELECT sparql.min(val), sparql.max(val) FROM j;
                        min                        |                          max                          
---------------------------------------------------+-------------------------------------------------------
 "100"^^<http://www.w3.org/2001/XMLSchema#integer> | "2023-06-15"^^<http://www.w3.org/2001/XMLSchema#date>
(1 row)

-- Test 45: min/max with date + string
WITH j (val) AS (
    VALUES
        ('"apple"^^<http://www.w3.org/2001/XMLSchema#string>'::rdfnode),
        ('"2023-06-15"^^<http://www.w3.org/2001/XMLSchema#date>'::rdfnode),
        ('"zebra"^^<http://www.w3.org/2001/XMLSchema#string>'::rdfnode)
)
SELECT sparql.min(val), sparql.max(val) FROM j;
                        min                         |                          max                          
----------------------------------------------------+-------------------------------------------------------
 "apple"^^<http://www.w3.org/2001/XMLSchema#string> | "2023-06-15"^^<http://www.w3.org/2001/XMLSchema#date>
(1 row)

-- Test 46: min/max with numeric + dateTime
WITH j (val) AS (
    VALUES
        ('"2023-06-15T10:30:00"^^<http://www.w3.org/2001/XMLSchema#dateTime>'::rdfnode),
        ('"5"^^<http://www.w3.org/2001/XMLSchema#integer>'::rdfnode),
        ('"2021-01-01T00:00:00"^^<http://www.w3.org/2001/XMLSchema#dateTime>'::rdfnode)
)
SELECT sparql.min(val), sparql.max(val) FROM j;
                       min                       |                                max                                 
-------------------------------------------------+--------------------------------------------------------------------
 "5"^^<http://www.w3.org/2001/XMLSchema#integer> | "2023-06-15T10:30:00"^^<http://www.w3.org/2001/XMLSchema#dateTime>
(1 row)

-- Test 47: min/max with multiple category types
WITH j (val) AS (
    VALUES
        ('"zebra"^^<http://www.w3.org/2001/XMLSchema#string>'::rdfnode),
        ('"42"^^<http://www.w3.org/2001/XMLSchema#integer>'::rdfnode),
        ('"2023-06-15"^^<http://www.w3.org/2001/XMLSchema#date>'::rdfnode),
        ('"10:30:00"^^<http://www.w3.org/2001/XMLSchema#time>'::rdfnode)
)
SELECT sparql.min(val), sparql.max(val) FROM j;
                        min                         |                         max                         
----------------------------------------------------+-----------------------------------------------------
 "zebra"^^<http://www.w3.org/2001/XMLSchema#string> | "10:30:00"^^<http://www.w3.org/2001/XMLSchema#time>
(1 row)

-- Test 48: min/max with IRI + numeric + string
WITH j (val) AS (
    VALUES
        ('"zebra"^^<http://www.w3.org/2001/XMLSchema#string>'::rdfnode),
        ('"42"^^<http://www.w3.org/2001/XMLSchema#integer>'::rdfnode),
        ('<http://example.org/resource/1>'::rdfnode)
)
SELECT sparql.min(val), sparql.max(val) FROM j;
               min               |                       max                        
---------------------------------+--------------------------------------------------
 <http://example.org/resource/1> | "42"^^<http://www.w3.org/2001/XMLSchema#integer>
(1 row)

-- Test 49: min/max with lang-tagged + numeric
WITH j (val) AS (
    VALUES
        ('"42"^^<http://www.w3.org/2001/XMLSchema#integer>'::rdfnode),
        ('"hello"@en'::rdfnode),
        ('"100"^^<http://www.w3.org/2001/XMLSchema#integer>'::rdfnode)
)
SELECT sparql.min(val), sparql.max(val) FROM j;
    min     |                        max                        
------------+---------------------------------------------------
 "hello"@en | "100"^^<http://www.w3.org/2001/XMLSchema#integer>
(1 row)

-- Test 50: min/max with plain literal + numeric
WITH j (val) AS (
    VALUES
        ('"42"^^<http://www.w3.org/2001/XMLSchema#integer>'::rdfnode),
        ('"plain-text"'::rdfnode),
        ('"100"^^<http://www.w3.org/2001/XMLSchema#integer>'::rdfnode)
)
SELECT sparql.min(val), sparql.max(val) FROM j;
     min      |                        max                        
--------------+---------------------------------------------------
 "plain-text" | "100"^^<http://www.w3.org/2001/XMLSchema#integer>
(1 row)

-- Test 51: min/max with time + duration
WITH j (val) AS (
    VALUES
        ('"P1Y"^^<http://www.w3.org/2001/XMLSchema#duration>'::rdfnode),
        ('"10:30:00"^^<http://www.w3.org/2001/XMLSchema#time>'::rdfnode),
        ('"P2M"^^<http://www.w3.org/2001/XMLSchema#duration>'::rdfnode)
)
SELECT sparql.min(val), sparql.max(val) FROM j;
                         min                         |                        max                         
-----------------------------------------------------+----------------------------------------------------
 "10:30:00"^^<http://www.w3.org/2001/XMLSchema#time> | "P1Y"^^<http://www.w3.org/2001/XMLSchema#duration>
(1 row)

-- Test 51a: min/max over a negative xsd:duration. XSD 1.1 Part 2 3.3.6 admits
-- the leading '-', and the comparison operators handle it, so the aggregates
-- have to as well. Fuseki, GraphDB and QLever answer -P1D and P2D.
WITH j (val) AS (
    VALUES
        ('"-P1D"^^<http://www.w3.org/2001/XMLSchema#duration>'::rdfnode),
        ('"P2D"^^<http://www.w3.org/2001/XMLSchema#duration>'::rdfnode)
)
SELECT sparql.min(val), sparql.max(val) FROM j;
                         min                         |                        max                         
-----------------------------------------------------+----------------------------------------------------
 "-P1D"^^<http://www.w3.org/2001/XMLSchema#duration> | "P2D"^^<http://www.w3.org/2001/XMLSchema#duration>
(1 row)

-- Test 51b: two negative durations, where the sign decides the order
WITH j (val) AS (
    VALUES
        ('"-P1D"^^<http://www.w3.org/2001/XMLSchema#duration>'::rdfnode),
        ('"-P2D"^^<http://www.w3.org/2001/XMLSchema#duration>'::rdfnode)
)
SELECT sparql.min(val), sparql.max(val) FROM j;
                         min                         |                         max                         
-----------------------------------------------------+-----------------------------------------------------
 "-P2D"^^<http://www.w3.org/2001/XMLSchema#duration> | "-P1D"^^<http://www.w3.org/2001/XMLSchema#duration>
(1 row)

-- Test 52: min/max with comprehensive mix (IRI, lang, plain, numeric, temporal, string)
WITH j (val) AS (
    VALUES
        ('"string-value"^^<http://www.w3.org/2001/XMLSchema#string>'::rdfnode),
        ('<http://example.org/id>'::rdfnode),
        ('"42"^^<http://www.w3.org/2001/XMLSchema#integer>'::rdfnode),
        ('"labeled"@en'::rdfnode),
        ('"plain"'::rdfnode),
        ('"2023-06-15"^^<http://www.w3.org/2001/XMLSchema#date>'::rdfnode)
)
SELECT sparql.min(val), sparql.max(val) FROM j;
           min           |                          max                          
-------------------------+-------------------------------------------------------
 <http://example.org/id> | "2023-06-15"^^<http://www.w3.org/2001/XMLSchema#date>
(1 row)

-- Test 53: min/max with multiple numerics of different types in mix
WITH j (val) AS (
    VALUES
        ('"zebra"^^<http://www.w3.org/2001/XMLSchema#string>'::rdfnode),
        ('"5.5"^^<http://www.w3.org/2001/XMLSchema#decimal>'::rdfnode),
        ('"100"^^<http://www.w3.org/2001/XMLSchema#integer>'::rdfnode),
        ('"2023-01-01"^^<http://www.w3.org/2001/XMLSchema#date>'::rdfnode)
)
SELECT sparql.min(val), sparql.max(val) FROM j;
                        min                         |                          max                          
----------------------------------------------------+-------------------------------------------------------
 "zebra"^^<http://www.w3.org/2001/XMLSchema#string> | "2023-01-01"^^<http://www.w3.org/2001/XMLSchema#date>
(1 row)

-- Test 54: min/max with multiple temporals of different types
WITH j (val) AS (
    VALUES
        ('"10"^^<http://www.w3.org/2001/XMLSchema#integer>'::rdfnode),
        ('"2023-06-15"^^<http://www.w3.org/2001/XMLSchema#date>'::rdfnode),
        ('"2025-12-31"^^<http://www.w3.org/2001/XMLSchema#date>'::rdfnode),
        ('"2021-01-01T00:00:00"^^<http://www.w3.org/2001/XMLSchema#dateTime>'::rdfnode),
        ('"apple"^^<http://www.w3.org/2001/XMLSchema#string>'::rdfnode)
)
SELECT sparql.min(val), sparql.max(val) FROM j;
                        min                         |                          max                          
----------------------------------------------------+-------------------------------------------------------
 "apple"^^<http://www.w3.org/2001/XMLSchema#string> | "2025-12-31"^^<http://www.w3.org/2001/XMLSchema#date>
(1 row)

-- Test 55: min/max with NULL in mixed-type set
WITH j (val) AS (
    VALUES
        ('"zebra"^^<http://www.w3.org/2001/XMLSchema#string>'::rdfnode),
        ('"42"^^<http://www.w3.org/2001/XMLSchema#integer>'::rdfnode),
        (NULL::rdfnode),
        ('"2023-06-15"^^<http://www.w3.org/2001/XMLSchema#date>'::rdfnode)
)
SELECT sparql.min(val), sparql.max(val) FROM j;
                        min                         |                          max                          
----------------------------------------------------+-------------------------------------------------------
 "zebra"^^<http://www.w3.org/2001/XMLSchema#string> | "2023-06-15"^^<http://www.w3.org/2001/XMLSchema#date>
(1 row)

-- ==========================================
-- SPARQL GROUP_CONCAT() Aggregate Tests
-- ==========================================
-- Test 56: GROUP_CONCAT with default separator (space)
WITH j (val) AS (
    VALUES
        ('"apple"^^<http://www.w3.org/2001/XMLSchema#string>'::rdfnode),
        ('"banana"^^<http://www.w3.org/2001/XMLSchema#string>'::rdfnode),
        ('"cherry"^^<http://www.w3.org/2001/XMLSchema#string>'::rdfnode)
)
SELECT sparql.group_concat(val, ' ') FROM j;
     group_concat      
-----------------------
 "apple banana cherry"
(1 row)

-- Test 57: GROUP_CONCAT with custom separator (comma)
WITH j (val) AS (
    VALUES
        ('"apple"^^<http://www.w3.org/2001/XMLSchema#string>'::rdfnode),
        ('"banana"^^<http://www.w3.org/2001/XMLSchema#string>'::rdfnode),
        ('"cherry"^^<http://www.w3.org/2001/XMLSchema#string>'::rdfnode)
)
SELECT sparql.group_concat(val, ', ') FROM j;
      group_concat       
-------------------------
 "apple, banana, cherry"
(1 row)

-- Test 58: GROUP_CONCAT with integers
WITH j (val) AS (
    VALUES
        ('"10"^^<http://www.w3.org/2001/XMLSchema#integer>'::rdfnode),
        ('"20"^^<http://www.w3.org/2001/XMLSchema#integer>'::rdfnode),
        ('"30"^^<http://www.w3.org/2001/XMLSchema#integer>'::rdfnode)
)
SELECT sparql.group_concat(val, '-') FROM j;
 group_concat 
--------------
 "10-20-30"
(1 row)

-- Test 59: GROUP_CONCAT with mixed types
WITH j (val) AS (
    VALUES
        ('"42"^^<http://www.w3.org/2001/XMLSchema#integer>'::rdfnode),
        ('"hello"^^<http://www.w3.org/2001/XMLSchema#string>'::rdfnode),
        ('"3.14"^^<http://www.w3.org/2001/XMLSchema#float>'::rdfnode)
)
SELECT sparql.group_concat(val, ' | ') FROM j;
    group_concat     
---------------------
 "42 | hello | 3.14"
(1 row)

-- Test 60: GROUP_CONCAT with IRIs
WITH j (val) AS (
    VALUES
        ('<http://example.org/resource1>'::rdfnode),
        ('<http://example.org/resource2>'::rdfnode),
        ('<http://example.org/resource3>'::rdfnode)
)
SELECT sparql.group_concat(val, '; ') FROM j;
                                        group_concat                                        
--------------------------------------------------------------------------------------------
 "http://example.org/resource1; http://example.org/resource2; http://example.org/resource3"
(1 row)

-- Test 61: GROUP_CONCAT with language-tagged strings
WITH j (val) AS (
    VALUES
        ('"hello"@en'::rdfnode),
        ('"bonjour"@fr'::rdfnode),
        ('"hola"@es'::rdfnode)
)
SELECT sparql.group_concat(val, ', ') FROM j;
      group_concat      
------------------------
 "hello, bonjour, hola"
(1 row)

-- Test 62: GROUP_CONCAT with NULL value
WITH j (val) AS (
    VALUES
        ('"apple"^^<http://www.w3.org/2001/XMLSchema#string>'::rdfnode),
        (NULL::rdfnode),
        ('"cherry"^^<http://www.w3.org/2001/XMLSchema#string>'::rdfnode)
)
SELECT sparql.group_concat(val, ', ') FROM j;
  group_concat   
-----------------
 "apple, cherry"
(1 row)

-- Test 63: GROUP_CONCAT with all NULL
WITH j (val) AS (
    VALUES
        (NULL::rdfnode),
        (NULL::rdfnode),
        (NULL::rdfnode)
)
SELECT sparql.group_concat(val, ', ') FROM j;
 group_concat 
--------------
 ""
(1 row)

-- Test 64: GROUP_CONCAT with empty set
SELECT sparql.group_concat(val, ', ') 
FROM (SELECT NULL::rdfnode AS val WHERE false) AS j;
 group_concat 
--------------
 ""
(1 row)

-- the empty result has to be a serialised empty literal, not raw empty text:
-- the two print almost alike but only one of them is an RDF term
SELECT sparql.isliteral(sparql.group_concat(val, ', ')) AS is_literal,
       sparql.strlen(sparql.group_concat(val, ', '))    AS strlen
FROM (SELECT NULL::rdfnode AS val WHERE false) AS j;
 is_literal | strlen 
------------+--------
 t          |      0
(1 row)

-- Test 65: GROUP_CONCAT with single value
WITH j (val) AS (
    VALUES
        ('"only-one"^^<http://www.w3.org/2001/XMLSchema#string>'::rdfnode)
)
SELECT sparql.group_concat(val, ', ') FROM j;
 group_concat 
--------------
 "only-one"
(1 row)

-- Test 66: GROUP_CONCAT with dates
WITH j (val) AS (
    VALUES
        ('"2024-01-15"^^<http://www.w3.org/2001/XMLSchema#date>'::rdfnode),
        ('"2024-02-20"^^<http://www.w3.org/2001/XMLSchema#date>'::rdfnode),
        ('"2024-03-25"^^<http://www.w3.org/2001/XMLSchema#date>'::rdfnode)
)
SELECT sparql.group_concat(val, ' to ') FROM j;
               group_concat               
------------------------------------------
 "2024-01-15 to 2024-02-20 to 2024-03-25"
(1 row)

-- Test 67: GROUP_CONCAT with booleans
WITH j (val) AS (
    VALUES
        ('"true"^^<http://www.w3.org/2001/XMLSchema#boolean>'::rdfnode),
        ('"false"^^<http://www.w3.org/2001/XMLSchema#boolean>'::rdfnode)
)
SELECT sparql.group_concat(val, ', ') FROM j;
 group_concat  
---------------
 "true, false"
(1 row)

-- Test 68: GROUP_CONCAT with empty string separator
WITH j (val) AS (
    VALUES
        ('"a"^^<http://www.w3.org/2001/XMLSchema#string>'::rdfnode),
        ('"b"^^<http://www.w3.org/2001/XMLSchema#string>'::rdfnode),
        ('"c"^^<http://www.w3.org/2001/XMLSchema#string>'::rdfnode)
)
SELECT sparql.group_concat(val, '') FROM j;
 group_concat 
--------------
 "abc"
(1 row)

-- Test 69: GROUP_CONCAT with newline separator
WITH j (val) AS (
    VALUES
        ('"line1"^^<http://www.w3.org/2001/XMLSchema#string>'::rdfnode),
        ('"line2"^^<http://www.w3.org/2001/XMLSchema#string>'::rdfnode),
        ('"line3"^^<http://www.w3.org/2001/XMLSchema#string>'::rdfnode)
)
SELECT sparql.group_concat(val, E'\n') FROM j;
 group_concat 
--------------
 "line1      +
 line2       +
 line3"
(1 row)

-- Test 70: GROUP_CONCAT with very long separator
WITH j (val) AS (
    VALUES
        ('"first"^^<http://www.w3.org/2001/XMLSchema#string>'::rdfnode),
        ('"second"^^<http://www.w3.org/2001/XMLSchema#string>'::rdfnode)
)
SELECT sparql.group_concat(val, ' --- SEPARATOR --- ') FROM j;
           group_concat           
----------------------------------
 "first --- SEPARATOR --- second"
(1 row)

-- Test 71: GROUP_CONCAT with decimals
WITH j (val) AS (
    VALUES
        ('"10.50"^^<http://www.w3.org/2001/XMLSchema#decimal>'::rdfnode),
        ('"20.30"^^<http://www.w3.org/2001/XMLSchema#decimal>'::rdfnode),
        ('"30.20"^^<http://www.w3.org/2001/XMLSchema#decimal>'::rdfnode)
)
SELECT sparql.group_concat(val, ', ') FROM j;
     group_concat      
-----------------------
 "10.50, 20.30, 30.20"
(1 row)

-- ==========================================
-- SPARQL SAMPLE() Aggregate Tests
-- ==========================================
-- Test 72: SAMPLE with single integer value
WITH j (val) AS (
    VALUES
        ('"42"^^<http://www.w3.org/2001/XMLSchema#integer>'::rdfnode)
)
SELECT sparql.sample(val) FROM j;
                      sample                      
--------------------------------------------------
 "42"^^<http://www.w3.org/2001/XMLSchema#integer>
(1 row)

-- Test 73: SAMPLE with multiple integers
WITH j (val) AS (
    VALUES
        ('"10"^^<http://www.w3.org/2001/XMLSchema#integer>'::rdfnode),
        ('"20"^^<http://www.w3.org/2001/XMLSchema#integer>'::rdfnode),
        ('"30"^^<http://www.w3.org/2001/XMLSchema#integer>'::rdfnode)
)
SELECT sparql.sample(val) FROM j;
                      sample                      
--------------------------------------------------
 "10"^^<http://www.w3.org/2001/XMLSchema#integer>
(1 row)

-- Test 74: SAMPLE with NULLs at start
WITH j (val) AS (
    VALUES
        (NULL::rdfnode),
        (NULL::rdfnode),
        ('"42"^^<http://www.w3.org/2001/XMLSchema#integer>'::rdfnode),
        ('"99"^^<http://www.w3.org/2001/XMLSchema#integer>'::rdfnode)
)
SELECT sparql.sample(val) FROM j;
                      sample                      
--------------------------------------------------
 "42"^^<http://www.w3.org/2001/XMLSchema#integer>
(1 row)

-- Test 75: SAMPLE with all NULLs
WITH j (val) AS (
    VALUES
        (NULL::rdfnode),
        (NULL::rdfnode),
        (NULL::rdfnode)
)
SELECT sparql.sample(val) FROM j;
 sample 
--------
 NULL
(1 row)

-- Test 76: SAMPLE with empty set
WITH j (val) AS (
    SELECT NULL::rdfnode WHERE false
)
SELECT sparql.sample(val) FROM j;
 sample 
--------
 NULL
(1 row)

-- Test 77: SAMPLE with mixed numeric types
WITH j (val) AS (
    VALUES
        ('"10.5"^^<http://www.w3.org/2001/XMLSchema#decimal>'::rdfnode),
        ('"20"^^<http://www.w3.org/2001/XMLSchema#integer>'::rdfnode),
        ('"30.7"^^<http://www.w3.org/2001/XMLSchema#float>'::rdfnode)
)
SELECT sparql.sample(val) FROM j;
                       sample                       
----------------------------------------------------
 "10.5"^^<http://www.w3.org/2001/XMLSchema#decimal>
(1 row)

-- Test 78: SAMPLE with strings
WITH j (val) AS (
    VALUES
        ('"apple"'::rdfnode),
        ('"banana"'::rdfnode),
        ('"cherry"'::rdfnode)
)
SELECT sparql.sample(val) FROM j;
 sample  
---------
 "apple"
(1 row)

-- Test 79: SAMPLE with IRIs
WITH j (val) AS (
    VALUES
        ('<http://example.org/resource1>'::rdfnode),
        ('<http://example.org/resource2>'::rdfnode),
        ('<http://example.org/resource3>'::rdfnode)
)
SELECT sparql.sample(val) FROM j;
             sample             
--------------------------------
 <http://example.org/resource1>
(1 row)

-- Test 80: SAMPLE with language-tagged literals
WITH j (val) AS (
    VALUES
        ('"hello"@en'::rdfnode),
        ('"bonjour"@fr'::rdfnode),
        ('"hola"@es'::rdfnode)
)
SELECT sparql.sample(val) FROM j;
   sample   
------------
 "hello"@en
(1 row)

-- Test 81: SAMPLE with mixed types (IRI, literal, numeric) → should return first value
WITH j (val) AS (
    VALUES
        ('<http://example.org/resource1>'::rdfnode),
        ('"some text"'::rdfnode),
        ('"42"^^<http://www.w3.org/2001/XMLSchema#integer>'::rdfnode),
        ('"hello"@en'::rdfnode)
)
SELECT sparql.sample(val) FROM j;
             sample             
--------------------------------
 <http://example.org/resource1>
(1 row)

/* == Corner Cases == */
-- Test 82: sum/avg with very large integers near PostgreSQL numeric limits
WITH j (val) AS (
    VALUES
        ('"999999999999999999999999999"^^<http://www.w3.org/2001/XMLSchema#integer>'::rdfnode),
        ('"1"^^<http://www.w3.org/2001/XMLSchema#integer>'::rdfnode)
)
SELECT sparql.sum(val), sparql.avg(val) FROM j;
                                    sum                                     |                                     avg                                     
----------------------------------------------------------------------------+-----------------------------------------------------------------------------
 "1000000000000000000000000000"^^<http://www.w3.org/2001/XMLSchema#integer> | "500000000000000000000000000.0"^^<http://www.w3.org/2001/XMLSchema#decimal>
(1 row)

-- Test 83: sum/avg with infinity
WITH j (val) AS (
    VALUES
        ('"INF"^^<http://www.w3.org/2001/XMLSchema#double>'::rdfnode),
        ('"10"^^<http://www.w3.org/2001/XMLSchema#integer>'::rdfnode)
)
SELECT sparql.sum(val), sparql.avg(val) FROM j;
                       sum                        |                       avg                        
--------------------------------------------------+--------------------------------------------------
 "INF"^^<http://www.w3.org/2001/XMLSchema#double> | "INF"^^<http://www.w3.org/2001/XMLSchema#double>
(1 row)

-- Test 83a: a sum promoted to xsd:double is an IEEE value, and leaving the
-- datatype's range is what IEEE calls INF rather than a 309-digit integer.
-- The average follows: 18.5.1.4 divides the Sum, which is already INF.
WITH j (val) AS (
    VALUES
        ('"1e308"^^<http://www.w3.org/2001/XMLSchema#double>'::rdfnode),
        ('"1e308"^^<http://www.w3.org/2001/XMLSchema#double>'::rdfnode)
)
SELECT sparql.sum(val), sparql.avg(val) FROM j;
                       sum                        |                       avg                        
--------------------------------------------------+--------------------------------------------------
 "INF"^^<http://www.w3.org/2001/XMLSchema#double> | "INF"^^<http://www.w3.org/2001/XMLSchema#double>
(1 row)

-- Test 83b: the same for xsd:float, whose range is much smaller
WITH j (val) AS (
    VALUES
        ('"3e38"^^<http://www.w3.org/2001/XMLSchema#float>'::rdfnode),
        ('"3e38"^^<http://www.w3.org/2001/XMLSchema#float>'::rdfnode)
)
SELECT sparql.sum(val), sparql.avg(val) FROM j;
                       sum                       |                       avg                       
-------------------------------------------------+-------------------------------------------------
 "INF"^^<http://www.w3.org/2001/XMLSchema#float> | "INF"^^<http://www.w3.org/2001/XMLSchema#float>
(1 row)

-- Test 83c: -INF keeps its sign
WITH j (val) AS (
    VALUES
        ('"-INF"^^<http://www.w3.org/2001/XMLSchema#double>'::rdfnode),
        ('"10"^^<http://www.w3.org/2001/XMLSchema#integer>'::rdfnode)
)
SELECT sparql.sum(val), sparql.avg(val) FROM j;
                        sum                        |                        avg                        
---------------------------------------------------+---------------------------------------------------
 "-INF"^^<http://www.w3.org/2001/XMLSchema#double> | "-INF"^^<http://www.w3.org/2001/XMLSchema#double>
(1 row)

-- Test 84: sum/avg with NaN
WITH j (val) AS (
    VALUES
        ('"NaN"^^<http://www.w3.org/2001/XMLSchema#double>'::rdfnode),
        ('"10"^^<http://www.w3.org/2001/XMLSchema#integer>'::rdfnode)
)
SELECT sparql.sum(val), sparql.avg(val) FROM j;
                       sum                        |                       avg                        
--------------------------------------------------+--------------------------------------------------
 "NaN"^^<http://www.w3.org/2001/XMLSchema#double> | "NaN"^^<http://www.w3.org/2001/XMLSchema#double>
(1 row)

-- Test 85: min/max with blank nodes
WITH j (val) AS (
    VALUES
        ('_:b1'::rdfnode),
        ('_:b2'::rdfnode),
        ('"42"^^<http://www.w3.org/2001/XMLSchema#integer>'::rdfnode)
)
SELECT sparql.min(val), sparql.max(val) FROM j;
 min  |                       max                        
------+--------------------------------------------------
 _:b1 | "42"^^<http://www.w3.org/2001/XMLSchema#integer>
(1 row)

-- Test 86: min/max with same text, different languages
WITH j (val) AS (
    VALUES
        ('"hello"@en'::rdfnode),
        ('"hello"@en-US'::rdfnode),
        ('"hello"@en-GB'::rdfnode)
)
SELECT sparql.min(val), sparql.max(val) FROM j;
    min     |      max      
------------+---------------
 "hello"@en | "hello"@en-us
(1 row)

-- Test 87: GROUP_CONCAT with quotes, separators in values
WITH j (val) AS (
    VALUES
        ('"text with ""quotes"""^^<http://www.w3.org/2001/XMLSchema#string>'::rdfnode),
        ('"text, with, commas"^^<http://www.w3.org/2001/XMLSchema#string>'::rdfnode)
)
SELECT sparql.group_concat(val, ', ') FROM j;
                group_concat                
--------------------------------------------
 "text with \"quotes\", text, with, commas"
(1 row)

-- Test 88: min/max when 10 (int) vs 10.0 (decimal) vs 10.0 (float)
WITH j (val) AS (
    VALUES
        ('"10"^^<http://www.w3.org/2001/XMLSchema#integer>'::rdfnode),
        ('"10.0"^^<http://www.w3.org/2001/XMLSchema#decimal>'::rdfnode),
        ('"10.0"^^<http://www.w3.org/2001/XMLSchema#float>'::rdfnode)
)
SELECT sparql.min(val), sparql.max(val) FROM j;
                       min                        |                       max                        
--------------------------------------------------+--------------------------------------------------
 "10"^^<http://www.w3.org/2001/XMLSchema#integer> | "10"^^<http://www.w3.org/2001/XMLSchema#integer>
(1 row)

-- Test 89: min/max with empty strings and whitespace
WITH j (val) AS (
    VALUES
        ('""^^<http://www.w3.org/2001/XMLSchema#string>'::rdfnode),
        ('" "^^<http://www.w3.org/2001/XMLSchema#string>'::rdfnode),
        ('"a"^^<http://www.w3.org/2001/XMLSchema#string>'::rdfnode)
)
SELECT sparql.min(val), sparql.max(val) FROM j;
                      min                      |                      max                       
-----------------------------------------------+------------------------------------------------
 ""^^<http://www.w3.org/2001/XMLSchema#string> | "a"^^<http://www.w3.org/2001/XMLSchema#string>
(1 row)

/*
 * SPARQL orders blank nodes below IRIs and IRIs below every literal
 * (SPARQL 1.1, 15.1), and MIN/MAX follow that order. A blank node and an IRI
 * carry neither a language tag nor a datatype, so ranking a term by its
 * literal properties alone files both of them among the plain literals.
 */
WITH j(val) AS (
    VALUES  ('"literal"'::rdfnode),
            ('<http://example.org/id>'::rdfnode),
            ('_:b1'::rdfnode)
)
SELECT sparql.min(val), sparql.max(val) FROM j;
 min  |    max    
------+-----------
 _:b1 | "literal"
(1 row)

WITH j(val) AS (
    VALUES  ('<http://example.org/id>'::rdfnode),
            ('_:b1'::rdfnode)
)
SELECT sparql.min(val), sparql.max(val) FROM j;
 min  |           max           
------+-------------------------
 _:b1 | <http://example.org/id>
(1 row)

/* within a kind, the order is lexical */
WITH j(val) AS (
    VALUES  ('_:b2'::rdfnode),
            ('_:b1'::rdfnode)
)
SELECT sparql.min(val), sparql.max(val) FROM j;
 min  | max  
------+------
 _:b1 | _:b2
(1 row)

/* the aggregate comparator promotes the same way the operators do: against an
 * xsd:float, 16777217 and 16777216 are one number, so neither is the smaller */
WITH j(val) AS (
    VALUES  ('"16777217"^^xsd:float'::rdfnode),
            ('"16777216"^^xsd:integer'::rdfnode)
)
SELECT sparql.min(val), sparql.max(val) FROM j;
                         min                          |                         max                          
------------------------------------------------------+------------------------------------------------------
 "16777217"^^<http://www.w3.org/2001/XMLSchema#float> | "16777217"^^<http://www.w3.org/2001/XMLSchema#float>
(1 row)

/*
 * The empty multiset has a value of its own in SPARQL, not an unbound one:
 * §18.5.1.3 gives Sum({}) = "0"^^xsd:integer, §18.5.1.4 gives Avg the same
 * where the count is zero, and §18.5.1.7 gives GroupConcat the empty string.
 * MIN, MAX and SAMPLE have nothing defined for them and stay unbound.
 *
 * A group of unbound values is an empty multiset too. §18.5.1.2 counts only
 * bound values, so an unbound one never enters the multiset -- which is why a
 * NULL among real values is passed over rather than poisoning the result.
 */
WITH empty(val) AS (SELECT NULL::rdfnode WHERE false)
SELECT sparql.sum(val)               AS sum,
       sparql.avg(val)               AS avg,
       sparql.group_concat(val, ',') AS group_concat,
       sparql.min(val)               AS min,
       sparql.max(val)               AS max,
       sparql.sample(val)            AS sample
FROM empty;
                       sum                       |                       avg                       | group_concat | min  | max  | sample 
-------------------------------------------------+-------------------------------------------------+--------------+------+------+--------
 "0"^^<http://www.w3.org/2001/XMLSchema#integer> | "0"^^<http://www.w3.org/2001/XMLSchema#integer> | ""           | NULL | NULL | NULL
(1 row)

WITH all_unbound(val) AS (VALUES (NULL::rdfnode), (NULL::rdfnode))
SELECT sparql.sum(val) AS sum, sparql.avg(val) AS avg FROM all_unbound;
                       sum                       |                       avg                       
-------------------------------------------------+-------------------------------------------------
 "0"^^<http://www.w3.org/2001/XMLSchema#integer> | "0"^^<http://www.w3.org/2001/XMLSchema#integer>
(1 row)

WITH some_unbound(val) AS (
    VALUES  ('"1"^^xsd:integer'::rdfnode),
            (NULL::rdfnode),
            ('"2"^^xsd:integer'::rdfnode)
)
SELECT sparql.sum(val) AS sum, sparql.avg(val) AS avg FROM some_unbound;
                       sum                       |                               avg                                
-------------------------------------------------+------------------------------------------------------------------
 "3"^^<http://www.w3.org/2001/XMLSchema#integer> | "1.5000000000000000"^^<http://www.w3.org/2001/XMLSchema#decimal>
(1 row)

/* values that are present but not numeric are not an empty multiset: there is
 * something to sum and it cannot be summed, which is unbound rather than zero */
WITH not_numeric(val) AS (VALUES ('"abc"'::rdfnode))
SELECT sparql.sum(val) AS sum, sparql.avg(val) AS avg FROM not_numeric;
 sum  | avg  
------+------
 NULL | NULL
(1 row)

