/*
 * Tests against the stub SPARQL endpoint deployed by
 * scripts/postgres-env/stub-endpoint/deploy-stub-endpoint.sh.
 *
 * A conforming triplestore cannot produce the responses exercised here, so
 * these cases are not reachable through the other local tests: what rdf_fdw
 * does with a malformed or hostile answer has to be driven by an endpoint we
 * control.
 */
CREATE SERVER stub
FOREIGN DATA WRAPPER rdf_fdw
OPTIONS (
  endpoint 'http://stub-endpoint/single-binding.xml',
  connect_timeout '5');
CREATE SERVER stub_repeated
FOREIGN DATA WRAPPER rdf_fdw
OPTIONS (
  endpoint 'http://stub-endpoint/repeated-binding.xml',
  connect_timeout '5');
CREATE SERVER stub_split
FOREIGN DATA WRAPPER rdf_fdw
OPTIONS (
  endpoint 'http://stub-endpoint/split-text.xml',
  connect_timeout '5');
CREATE SERVER stub_describe
FOREIGN DATA WRAPPER rdf_fdw
OPTIONS (
  endpoint 'http://stub-endpoint/describe-bnode.xml',
  connect_timeout '5');
/* 4294967396 is 2^32 + 100: a limit that is nowhere near any response here,
 * but whose low 32 bits are 100, which is smaller than every one of them */
CREATE SERVER stub_wide_limit
FOREIGN DATA WRAPPER rdf_fdw
OPTIONS (
  endpoint 'http://stub-endpoint/single-binding.xml',
  max_response_size '4294967396',
  connect_timeout '5');
CREATE SERVER stub_redirect
FOREIGN DATA WRAPPER rdf_fdw
OPTIONS (
  endpoint   'http://stub-endpoint/redirect',
  update_url 'http://stub-endpoint/not-modified',
  connect_timeout '5');
CREATE FOREIGN TABLE ft_single (
  s rdfnode OPTIONS (variable '?s')
) SERVER stub OPTIONS (sparql 'SELECT ?s WHERE {?s ?p ?o}');
CREATE FOREIGN TABLE ft_split (
  cdata     rdfnode OPTIONS (variable '?cdata'),
  commented rdfnode OPTIONS (variable '?commented'),
  empty     rdfnode OPTIONS (variable '?empty'),
  tagged    rdfnode OPTIONS (variable '?tagged')
) SERVER stub_split OPTIONS (sparql 'SELECT * WHERE {?s ?p ?o}');
CREATE FOREIGN TABLE ft_repeated (
  s rdfnode OPTIONS (variable '?s')
) SERVER stub_repeated OPTIONS (sparql 'SELECT ?s WHERE {?s ?p ?o}');
/* control: a well formed single-binding response */
SELECT * FROM ft_single;
  s  
-----
 "x"
(1 row)

/*
 * A response that repeats a variable inside one <result>. InsertRetrievedData()
 * sizes its type, value and null arrays by the number of foreign table
 * columns, but used to advance the index it writes them at once per matching
 * binding instead of once per column: the inner loop walked every binding of
 * the row and did not stop at the first match. 400 bindings against a
 * one-column table therefore wrote an Oid, a char and a full 8-byte Datum
 * past the end of all three allocations, 399 times over, with both the length
 * and the contents chosen by whoever answered the request. The allocator
 * noticed the smashed chunk header:
 *
 *   ERROR:  repalloc called with invalid pointer 0x... (header 0x00007f...)
 *
 * A column takes its value from a single binding, so the scan stops at the
 * first match and the extra bindings are ignored.
 */
CREATE TABLE cloned_repeated (s rdfnode);
CALL rdf_fdw_clone_table(
  foreign_table => 'ft_repeated',
  target_table  => 'cloned_repeated',
  fetch_size    => 1,
  max_records   => 1,
  create_table  => false,
  verbose       => false);
SELECT count(*) AS rows_cloned, min(s::text) AS value FROM cloned_repeated;
 rows_cloned | value 
-------------+-------
           1 | "x"
(1 row)

/* the same response through an ordinary foreign scan, which takes a different
 * path and was never affected */
SELECT * FROM ft_repeated;
  s  
-----
 "x"
(1 row)

/*
 * A term's text is the whole of its element's character data. A CDATA section
 * or a comment inside a <literal> splits that data into several child nodes,
 * so a term read from the first child alone stops at the split: "abcdefghi"
 * arrives as "abc", and a language tag survives while the text it belongs to
 * does not. The empty literal is the control - it has no children at all, and
 * is an empty term rather than an unbound variable either way.
 */
SELECT cdata, commented, empty, tagged FROM ft_split;
    cdata    | commented | empty |    tagged    
-------------+-----------+-------+--------------
 "abcdefghi" | "abcdef"  | ""    | "one two"@en
(1 row)

SELECT sparql.lex(tagged) AS lexical_form,
       sparql.lang(tagged) AS language_tag,
       sparql.isliteral(empty) AS empty_is_a_literal
FROM ft_split;
 lexical_form | language_tag | empty_is_a_literal 
--------------+--------------+--------------------
 one two      | en           | t
(1 row)

/*
 * The subject of an rdf:Description is an IRI when the element carries
 * rdf:about and a blank node when it carries rdf:nodeID, and the two are
 * different kinds of term: <b1> names a resource, _:b1 names an unnamed one.
 * Reading both as IRIs turns every statement a DESCRIBE makes about a blank
 * node into a statement about an IRI that no store holds. The object side
 * tells them apart already, so the same label has to come back the same way
 * whether it stands as subject or object - here it appears as both.
 */
SELECT * FROM sparql.describe('stub_describe', 'DESCRIBE <http://example.org/s>');
        subject         |          predicate          |     object     
------------------------+-----------------------------+----------------
 <http://example.org/s> | <http://example.org/knows>  | _:b1
 _:b1                   | <http://example.org/name>   | "a blank node"
 _:b1                   | <http://example.org/sameAs> | _:b1
(3 rows)

/*
 * A server's settings have to survive being carried from planning to
 * execution. The five that libcurl takes as a long are wider than an int, so
 * one written out as an int arrives as its low 32 bits: a max_response_size of
 * 2^32 + 100 becomes a limit of 100 bytes and refuses a response it was never
 * meant to bound. The scan below returns its row when the whole value is
 * carried, and fails with the size limit when it is not.
 */
CREATE FOREIGN TABLE ft_wide_limit (
  s rdfnode OPTIONS (variable '?s')
) SERVER stub_wide_limit OPTIONS (sparql 'SELECT ?s WHERE {?s ?p ?o}');
SELECT * FROM ft_wide_limit;
  s  
-----
 "x"
(1 row)

DROP FOREIGN TABLE ft_wide_limit;
/*
 * A transfer that completed is not a request that succeeded. With redirects
 * refused, which is the default, an endpoint answering 3xx returns a status
 * and no result, and libcurl reports the transfer as fine.
 *
 * A read notices eventually, because nothing it can parse comes back. A write
 * does not: it sends its statement, reads no answer, and had nothing left to
 * object to - so an INSERT against an endpoint that never performed it was
 * reported as having inserted the row.
 */
CREATE FOREIGN TABLE ft_redirect (
  s rdfnode OPTIONS (variable '?s'),
  p rdfnode OPTIONS (variable '?p'),
  o rdfnode OPTIONS (variable '?o')
) SERVER stub_redirect OPTIONS (
  sparql 'SELECT * WHERE {?s ?p ?o}',
  sparql_update_pattern '?s ?p ?o .');
SELECT * FROM ft_redirect;
ERROR:  unexpected HTTP status 302 from server "stub_redirect"
HINT:  Only HTTP 2xx responses indicate success. Check the endpoint and redirect settings.
INSERT INTO ft_redirect VALUES
  ('<http://example.org/s>', '<http://example.org/p>', '"v"');
ERROR:  unexpected HTTP status 304 from server "stub_redirect"
HINT:  Only HTTP 2xx responses indicate success. Check the endpoint and redirect settings.
DROP FOREIGN TABLE ft_redirect;
/* clean up */
DROP TABLE cloned_repeated;
DROP SERVER stub CASCADE;
NOTICE:  drop cascades to foreign table ft_single
DROP SERVER stub_repeated CASCADE;
NOTICE:  drop cascades to foreign table ft_repeated
DROP SERVER stub_split CASCADE;
NOTICE:  drop cascades to foreign table ft_split
DROP SERVER stub_describe CASCADE;
DROP SERVER stub_wide_limit CASCADE;
DROP SERVER stub_redirect CASCADE;
